伟哥是个大傻逼。sssasdfasdf

伟哥确实傻逼。